
> saas-erb-monorepo@1.0.0 build
> turbo run build

node.exe : ΓÇó turbo 2.8.3
At line:1 char:1
+ & "C:\Program Files\nodejs/node.exe" "C:\Program Files\nodejs/node_mo ...
+ ~~~~~~~~~~~~~~~~~~~~~~~~~~~~~~~~~~~~~~~~~~~~~~~~~~~~~~~~~~~~~~~~~~~~~
    + CategoryInfo          : NotSpecified: (ΓÇó turbo 2.8.3:String) [], Remot 
   eException
    + FullyQualifiedErrorId : NativeCommandError
 
 WARNING  An issue occurred while attempting to parse C:\Users\Walid 
Genidy\Desktop\saa-s-erb-system\pnpm-lock.yaml. Turborepo will still function, 
but some features may not be available:
   x Could not resolve workspaces.
  `-> Lockfile not found at C:\Users\Walid Genidy\Desktop\saa-s-erb-
      system\pnpm-lock.yaml

ΓÇó Packages in scope: @shared/types, backend, web
ΓÇó Running build in 3 packages
ΓÇó Remote caching disabled
@shared/types:build: cache miss, executing e077ff43c7d4d2b8
backend:build: cache miss, executing a1f7222ab4a5805c
web:build: cache miss, executing 774599cb44027851
@shared/types:build: 
@shared/types:build: > @shared/types@1.0.0 build C:\Users\Walid Genidy\Desktop\saa-s-erb-system\packages\shared
@shared/types:build: > tsc
@shared/types:build: 
web:build: 
backend:build: 
web:build: > web@1.0.0 build C:\Users\Walid Genidy\Desktop\saa-s-erb-system\apps\web
backend:build: > backend@1.0.0 build C:\Users\Walid Genidy\Desktop\saa-s-erb-system\apps\backend
web:build: > next build
backend:build: > tsc
web:build: 
backend:build: 
@shared/types:build: 'tsc' is not recognized as an internal or external command,
@shared/types:build: operable program or batch file.
@shared/types:build: ΓÇëELIFECYCLEΓÇë Command failed with exit code 1.
@shared/types:build: ΓÇëWARNΓÇë  Local package.json exists, but node_modules missing, did you mean to install?
backend:build: 'tsc' is not recognized as an internal or external command,
backend:build: operable program or batch file.
web:build: 'next' is not recognized as an internal or external command,
web:build: operable program or batch file.
backend:build: ΓÇëELIFECYCLEΓÇë Command failed with exit code 1.
backend:build: ΓÇëWARNΓÇë  Local package.json exists, but node_modules missing, did you mean to install?
web:build: ΓÇëELIFECYCLEΓÇë Command failed with exit code 1.
web:build: ΓÇëWARNΓÇë  Local package.json exists, but node_modules missing, did you mean to install?
backend:build: ERROR: command finished with error: command (C:\Users\Walid 
Genidy\Desktop\saa-s-erb-system\apps\backend) C:\Users\Walid 
Genidy\AppData\Roaming\npm\pnpm.cmd run build exited (1)
backend#build: command (C:\Users\Walid 
Genidy\Desktop\saa-s-erb-system\apps\backend) C:\Users\Walid 
Genidy\AppData\Roaming\npm\pnpm.cmd run build exited (1)

 Tasks:    0 successful, 3 total
Cached:    0 cached, 3 total
  Time:    3.02s 
Failed:    backend#build

 ERROR  run failed: command  exited (1)
